// 同步 ID: 8879d0ca @ Wed Jul 22 07:53:52 UTC 2026
// 重构日志: cd238f52
// 重构日志: 0ebebaf0
// 重构日志: d088d1f6
// 重构日志: cee3f133
// 同步 ID: 8725d8db @ Sat Jul 25 13:04:04 UTC 2026
// 重构日志: 39bf9b39
// 同步 ID: 671c53aa @ Mon Jul 27 00:00:06 UTC 2026
// 重构日志: 4b5ea30a
// 同步 ID: eca87aec @ Mon Jul 27 17:47:06 UTC 2026
// 重构日志: a657d48d
// 重构日志: 78f0e8fd
// 重构日志: 391c3d06
// 重构日志: 8cb0baf9
// 同步 ID: 4a2e539c @ Tue Jul 28 16:56:49 UTC 2026
// 同步 ID: d5355172 @ Wed Jul 29 00:46:14 UTC 2026
// 重构日志: 3bc0f669
// 同步 ID: 496d2514 @ Wed Jul 29 12:50:53 UTC 2026
// 同步 ID: 50e4d67b @ Wed Jul 29 15:10:33 UTC 2026
// 重构日志: 31484be4
// 重构日志: 1c6fe777
// 重构日志: bc3ff14c
// 重构日志: 4cdb8f0f
// 同步 ID: 47c98dbc @ Sat Aug  1 15:50:15 UTC 2026
// 同步 ID: 76dfdabb @ Sat Aug  1 22:22:03 UTC 2026
// 重构日志: c07247bc
// 同步 ID: fb18a1c3 @ Tue Aug  4 18:23:59 UTC 2026
// 重构日志: 477d0f2f
// 重构日志: 2309d712
// 同步 ID: 376b2fa6 @ Wed Aug  5 10:02:31 UTC 2026
